// Jest Snapshot v1, https://goo.gl/fbAQLP

exports[`Should render Edit Product Component 1`] = `
<div>
  <div
    class="editProductForm"
  >
    <form>
      <label>
        Title:
      </label>
      <input
        id="title"
        name="title"
        type="text"
        value=""
      />
      <label>
        Price:
      </label>
      <input
        id="price"
        name="price"
        placeholder="Price"
        type="text"
        value=""
      />
      <label>
        Category:
      </label>
      <input
        id="categories"
        name="category"
        placeholder="Category"
        type="text"
        value=""
      />
      <label>
        Condition:
      </label>
      <input
        id="condition"
        name="condition"
        placeholder="Condition"
        type="text"
        value=""
      />
      <label>
        Description:
      </label>
      <input
        id="description"
        name="description"
        placeholder="Description"
        type="text"
        value=""
      />
      <label>
        Image:
      </label>
      <input
        id="image"
        name="file"
        placeholder="Image"
        type="file"
      />
      <input
        class="submit"
        type="submit"
        value="Submit"
      />
    </form>
    <button
      class="delete"
    >
      Delete
    </button>
  </div>
</div>
`;
