// Jest Snapshot v1, https://goo.gl/fbAQLP

exports[`Should render Product Card 1`] = `
<div>
  <div>
    <h1
      class="productListTitle"
    >
      <img
        alt="Techswap2"
        class="techlogo"
        src="tswapbanner.png"
      />
      Welcome To The TechSwap
    </h1>
    <div
      class="productLists"
    >
      <a
        class="productLinks"
        href="/products/26"
      >
        <img
          class="productImage"
          src="https://epowwlsvajvjgzuvqqfe.supabase.co/storage/v1/object/public/product-image/public/desk.jpg"
        />
        <h1
          class="productTitle"
        >
          Standing Desk
        </h1>
        <p
          class="productCondition"
        >
          Used
        </p>
        <p
          class="productPrice"
        >
          $
          100
        </p>
      </a>
    </div>
  </div>
</div>
`;
