// Jest Snapshot v1, https://goo.gl/fbAQLP

exports[`Should render Product Form 1`] = `
<div>
  <form>
    <label>
      Title:
    </label>
    <input
      id="title"
      name="title"
      type="text"
      value=""
    />
    <label>
      Description:
    </label>
    <input
      id="description"
      name="description"
      type="text"
      value=""
    />
    <label>
      Price:
    </label>
    <input
      id="price"
      name="price"
      type="number"
      value=""
    />
    <label>
      Image:
    </label>
    <input
      id="image"
      name="file"
      type="file"
    />
    <label>
      Category:
    </label>
    <input
      id="categories"
      name="categories"
      type="text"
      value=""
    />
    <label>
      Condition:
    </label>
    <input
      id="condition"
      name="condition"
      type="text"
      value=""
    />
    <button>
      Submit
    </button>
  </form>
</div>
`;
